// Jest Snapshot v1, https://goo.gl/fbAQLP

exports[`Content-Manager || RelationInput || RelationItem should render and match snapshot 1`] = `
.c3 {
  border: 0;
  -webkit-clip: rect(0 0 0 0);
  clip: rect(0 0 0 0);
  height: 1px;
  margin: -1px;
  overflow: hidden;
  padding: 0;
  position: absolute;
  width: 1px;
}

.c0 {
  background: #ffffff;
  padding-top: 8px;
  padding-right: 16px;
  padding-bottom: 8px;
  padding-left: 16px;
  border-radius: 4px;
  border-color: #dcdce4;
  border: 1px solid #dcdce4;
}

.c1 {
  -webkit-align-items: center;
  -webkit-box-align: center;
  -ms-flex-align: center;
  align-items: center;
  display: -webkit-box;
  display: -webkit-flex;
  display: -ms-flexbox;
  display: flex;
  -webkit-flex-direction: row;
  -ms-flex-direction: row;
  flex-direction: row;
  -webkit-box-pack: justify;
  -webkit-justify-content: space-between;
  -ms-flex-pack: justify;
  justify-content: space-between;
}

.c2 {
  width: 100%;
  min-width: 0;
}

<div>
  <li
    class=""
  >
    <div
      class="c0 c1"
    >
      <div
        class="c1 c2"
      >
        First relation
      </div>
    </div>
  </li>
  <div
    class="c3"
  >
    <p
      aria-live="polite"
      aria-relevant="all"
      id="live-region-log"
      role="log"
    />
    <p
      aria-live="polite"
      aria-relevant="all"
      id="live-region-status"
      role="status"
    />
    <p
      aria-live="assertive"
      aria-relevant="all"
      id="live-region-alert"
      role="alert"
    />
  </div>
</div>
`;
